Vivado Simulator 2019.2
Time resolution is 1 ps
 Block Memory Generator module loading initial data...
 Block Memory Generator data initialization complete.
Block Memory Generator module tb_top.soc_lite.inst_ram.inst.native_mem_module.blk_mem_gen_v8_4_4_inst is using a behavioral model for simulation which will not precisely model memory collision behavior.
Block Memory Generator module tb_top.soc_lite.data_ram.inst.native_mem_module.blk_mem_gen_v8_4_4_inst is using a behavioral model for simulation which will not precisely model memory collision behavior.
==============================================================
Test begin!
----[  12115 ns] Number 8'd01 Functional Test Point PASS!!!
        [  22000 ns] Test is running, debug_wb_pc = 0x1c069d2c
        [  32000 ns] Test is running, debug_wb_pc = 0x1c06accc
----[  36525 ns] Number 8'd02 Functional Test Point PASS!!!
        [  42000 ns] Test is running, debug_wb_pc = 0x1c03c220
        [  52000 ns] Test is running, debug_wb_pc = 0x1c03d1c0
----[  54915 ns] Number 8'd03 Functional Test Point PASS!!!
        [  62000 ns] Test is running, debug_wb_pc = 0x1c01db1c
        [  72000 ns] Test is running, debug_wb_pc = 0x1c01eabc
----[  79325 ns] Number 8'd04 Functional Test Point PASS!!!
        [  82000 ns] Test is running, debug_wb_pc = 0x1c0412e8
        [  92000 ns] Test is running, debug_wb_pc = 0x1c042288
        [ 102000 ns] Test is running, debug_wb_pc = 0x1c043228
----[ 103735 ns] Number 8'd05 Functional Test Point PASS!!!
        [ 112000 ns] Test is running, debug_wb_pc = 0x1c02e794
        [ 122000 ns] Test is running, debug_wb_pc = 0x1c02f734
----[ 128145 ns] Number 8'd06 Functional Test Point PASS!!!
        [ 132000 ns] Test is running, debug_wb_pc = 0x1c0193f8
        [ 142000 ns] Test is running, debug_wb_pc = 0x1c01a398
        [ 152000 ns] Test is running, debug_wb_pc = 0x1c01b338
----[ 152555 ns] Number 8'd07 Functional Test Point PASS!!!
        [ 162000 ns] Test is running, debug_wb_pc = 0x1c06fbfc
        [ 172000 ns] Test is running, debug_wb_pc = 0x1c070b9c
----[ 176965 ns] Number 8'd08 Functional Test Point PASS!!!
        [ 182000 ns] Test is running, debug_wb_pc = 0x1c043c58
        [ 192000 ns] Test is running, debug_wb_pc = 0x1c044bf8
----[ 201375 ns] Number 8'd09 Functional Test Point PASS!!!
        [ 202000 ns] Test is running, debug_wb_pc = 0x1c0668f4
        [ 212000 ns] Test is running, debug_wb_pc = 0x1c067894
        [ 222000 ns] Test is running, debug_wb_pc = 0x1c068834
----[ 225785 ns] Number 8'd10 Functional Test Point PASS!!!
        [ 232000 ns] Test is running, debug_wb_pc = 0x1c0777d0
        [ 242000 ns] Test is running, debug_wb_pc = 0x1c078770
----[ 244175 ns] Number 8'd11 Functional Test Point PASS!!!
        [ 252000 ns] Test is running, debug_wb_pc = 0x1c04f684
        [ 262000 ns] Test is running, debug_wb_pc = 0x1c050624
----[ 262565 ns] Number 8'd12 Functional Test Point PASS!!!
        [ 272000 ns] Test is running, debug_wb_pc = 0x1c030f28
----[ 280955 ns] Number 8'd13 Functional Test Point PASS!!!
        [ 282000 ns] Test is running, debug_wb_pc = 0x1c07ce2c
----[ 291525 ns] Number 8'd14 Functional Test Point PASS!!!
        [ 292000 ns] Test is running, debug_wb_pc = 0x1c07f0b0
        [ 302000 ns] Test is running, debug_wb_pc = 0x1c080050
----[ 302895 ns] Number 8'd15 Functional Test Point PASS!!!
        [ 312000 ns] Test is running, debug_wb_pc = 0x1c01179c
        [ 322000 ns] Test is running, debug_wb_pc = 0x1c012a38
        [ 332000 ns] Test is running, debug_wb_pc = 0x1c013a04
        [ 342000 ns] Test is running, debug_wb_pc = 0x1c014914
        [ 352000 ns] Test is running, debug_wb_pc = 0x1c0158b8
        [ 362000 ns] Test is running, debug_wb_pc = 0x1c016b4c
----[ 371485 ns] Number 8'd16 Functional Test Point PASS!!!
        [ 372000 ns] Test is running, debug_wb_pc = 0x1c01f694
        [ 382000 ns] Test is running, debug_wb_pc = 0x1c0205a8
        [ 392000 ns] Test is running, debug_wb_pc = 0x1c0214a0
        [ 402000 ns] Test is running, debug_wb_pc = 0x1c022528
        [ 412000 ns] Test is running, debug_wb_pc = 0x1c0237c8
        [ 422000 ns] Test is running, debug_wb_pc = 0x1c024944
        [ 432000 ns] Test is running, debug_wb_pc = 0x1c02583c
        [ 442000 ns] Test is running, debug_wb_pc = 0x1c026750
----[ 445025 ns] Number 8'd17 Functional Test Point PASS!!!
        [ 452000 ns] Test is running, debug_wb_pc = 0x1c05abc4
        [ 462000 ns] Test is running, debug_wb_pc = 0x1c05bacc
        [ 472000 ns] Test is running, debug_wb_pc = 0x1c05c9f0
        [ 482000 ns] Test is running, debug_wb_pc = 0x1c05d8f8
        [ 492000 ns] Test is running, debug_wb_pc = 0x1c05e81c
        [ 502000 ns] Test is running, debug_wb_pc = 0x1c05f724
----[ 503355 ns] Number 8'd18 Functional Test Point PASS!!!
        [ 512000 ns] Test is running, debug_wb_pc = 0x1c0374c4
        [ 522000 ns] Test is running, debug_wb_pc = 0x1c03833c
        [ 532000 ns] Test is running, debug_wb_pc = 0x1c0391cc
        [ 542000 ns] Test is running, debug_wb_pc = 0x1c03a04c
        [ 552000 ns] Test is running, debug_wb_pc = 0x1c03aecc
----[ 559685 ns] Number 8'd19 Functional Test Point PASS!!!
        [ 562000 ns] Test is running, debug_wb_pc = 0x1c04ac04
        [ 572000 ns] Test is running, debug_wb_pc = 0x1c04baec
        [ 582000 ns] Test is running, debug_wb_pc = 0x1c04c9d8
        [ 592000 ns] Test is running, debug_wb_pc = 0x1c04d8b8
        [ 602000 ns] Test is running, debug_wb_pc = 0x1c04e7ac
----[ 604015 ns] Number 8'd20 Functional Test Point PASS!!!
        [ 612000 ns] Test is running, debug_wb_pc = 0x1c06cc3c
        [ 622000 ns] Test is running, debug_wb_pc = 0x1c06d7fc
        [ 632000 ns] Test is running, debug_wb_pc = 0x1c06e3a0
----[ 640465 ns] Number 8'd21 Functional Test Point PASS!!!
        [ 642000 ns] Test is running, debug_wb_pc = 0x1c075428
        [ 652000 ns] Test is running, debug_wb_pc = 0x1c0763c8
----[ 658855 ns] Number 8'd22 Functional Test Point PASS!!!
        [ 662000 ns] Test is running, debug_wb_pc = 0x1c01b89c
        [ 672000 ns] Test is running, debug_wb_pc = 0x1c01c83c
----[ 677245 ns] Number 8'd23 Functional Test Point PASS!!!
        [ 682000 ns] Test is running, debug_wb_pc = 0x1c0461a8
        [ 692000 ns] Test is running, debug_wb_pc = 0x1c047148
----[ 695635 ns] Number 8'd24 Functional Test Point PASS!!!
        [ 702000 ns] Test is running, debug_wb_pc = 0x1c079464
        [ 712000 ns] Test is running, debug_wb_pc = 0x1c07a404
----[ 714025 ns] Number 8'd25 Functional Test Point PASS!!!
        [ 722000 ns] Test is running, debug_wb_pc = 0x1c048308
        [ 732000 ns] Test is running, debug_wb_pc = 0x1c0492a8
----[ 732415 ns] Number 8'd26 Functional Test Point PASS!!!
        [ 742000 ns] Test is running, debug_wb_pc = 0x1c07b5c4
        [ 752000 ns] Test is running, debug_wb_pc = 0x1c07c564
----[ 756825 ns] Number 8'd27 Functional Test Point PASS!!!
        [ 762000 ns] Test is running, debug_wb_pc = 0x1c0563f0
        [ 772000 ns] Test is running, debug_wb_pc = 0x1c057390
----[ 781235 ns] Number 8'd28 Functional Test Point PASS!!!
        [ 782000 ns] Test is running, debug_wb_pc = 0x1c03d71c
        [ 792000 ns] Test is running, debug_wb_pc = 0x1c03e6bc
        [ 802000 ns] Test is running, debug_wb_pc = 0x1c03f65c
----[ 805645 ns] Number 8'd29 Functional Test Point PASS!!!
        [ 812000 ns] Test is running, debug_wb_pc = 0x1c05fb00
        [ 822000 ns] Test is running, debug_wb_pc = 0x1c05fdbc
        [ 832000 ns] Test is running, debug_wb_pc = 0x1c060078
        [ 842000 ns] Test is running, debug_wb_pc = 0x1c060330
        [ 852000 ns] Test is running, debug_wb_pc = 0x1c0605ec
----[ 854735 ns] Number 8'd30 Functional Test Point PASS!!!
        [ 862000 ns] Test is running, debug_wb_pc = 0x1c026de0
        [ 872000 ns] Test is running, debug_wb_pc = 0x1c02709c
        [ 882000 ns] Test is running, debug_wb_pc = 0x1c027358
        [ 892000 ns] Test is running, debug_wb_pc = 0x1c02760c
        [ 902000 ns] Test is running, debug_wb_pc = 0x1c0278c8
        [ 912000 ns] Test is running, debug_wb_pc = 0x1c027b84
        [ 922000 ns] Test is running, debug_wb_pc = 0x1c027e40
----[ 926175 ns] Number 8'd31 Functional Test Point PASS!!!
        [ 932000 ns] Test is running, debug_wb_pc = 0x1c0404c4
----[ 938625 ns] Number 8'd32 Functional Test Point PASS!!!
        [ 942000 ns] Test is running, debug_wb_pc = 0x1c07e1f0
----[ 951215 ns] Number 8'd33 Functional Test Point PASS!!!
        [ 952000 ns] Test is running, debug_wb_pc = 0x1c017db4
        [ 962000 ns] Test is running, debug_wb_pc = 0x1c018d54
----[ 962645 ns] Number 8'd34 Functional Test Point PASS!!!
        [ 972000 ns] Test is running, debug_wb_pc = 0x1c06b6bc
        [ 982000 ns] Test is running, debug_wb_pc = 0x1c06b9bc
        [ 992000 ns] Test is running, debug_wb_pc = 0x1c06bcbc
        [1002000 ns] Test is running, debug_wb_pc = 0x1c06bfd8
        [1012000 ns] Test is running, debug_wb_pc = 0x1c06c2d4
----[1012925 ns] Number 8'd35 Functional Test Point PASS!!!
        [1022000 ns] Test is running, debug_wb_pc = 0x1c0509c4
        [1032000 ns] Test is running, debug_wb_pc = 0x1c050cc4
        [1042000 ns] Test is running, debug_wb_pc = 0x1c050fe4
        [1052000 ns] Test is running, debug_wb_pc = 0x1c0512d8
        [1062000 ns] Test is running, debug_wb_pc = 0x1c0515f4
        [1072000 ns] Test is running, debug_wb_pc = 0x1c0518f8
        [1082000 ns] Test is running, debug_wb_pc = 0x1c051bf8
----[1086065 ns] Number 8'd36 Functional Test Point PASS!!!
        [1092000 ns] Test is running, debug_wb_pc = 0x1c071d50
        [1102000 ns] Test is running, debug_wb_pc = 0x1c072de8
        [1112000 ns] Test is running, debug_wb_pc = 0x1c073f14
        [1122000 ns] Test is running, debug_wb_pc = 0x1c074fe8
----[1123255 ns] Number 8'd37 Functional Test Point PASS!!!
        [1132000 ns] Test is running, debug_wb_pc = 0x1c061584
        [1142000 ns] Test is running, debug_wb_pc = 0x1c0626a0
        [1152000 ns] Test is running, debug_wb_pc = 0x1c0637bc
----[1161125 ns] Number 8'd38 Functional Test Point PASS!!!
        [1162000 ns] Test is running, debug_wb_pc = 0x1c051e28
        [1172000 ns] Test is running, debug_wb_pc = 0x1c052f30
        [1182000 ns] Test is running, debug_wb_pc = 0x1c053ff0
        [1192000 ns] Test is running, debug_wb_pc = 0x1c0550d4
----[1198955 ns] Number 8'd39 Functional Test Point PASS!!!
        [1202000 ns] Test is running, debug_wb_pc = 0x1c029fc0
        [1212000 ns] Test is running, debug_wb_pc = 0x1c02b090
        [1222000 ns] Test is running, debug_wb_pc = 0x1c02c1ac
        [1232000 ns] Test is running, debug_wb_pc = 0x1c02d2dc
----[1236895 ns] Number 8'd40 Functional Test Point PASS!!!
        [1242000 ns] Test is running, debug_wb_pc = 0x1c03525c
        [1252000 ns] Test is running, debug_wb_pc = 0x1c036110
----[1257115 ns] Number 8'd41 Functional Test Point PASS!!!
        [1262000 ns] Test is running, debug_wb_pc = 0x1c049a20
        [1272000 ns] Test is running, debug_wb_pc = 0x1c04a8d4
----[1272065 ns] Number 8'd42 Functional Test Point PASS!!!
        [1282000 ns] Test is running, debug_wb_pc = 0x1c059040
        [1292000 ns] Test is running, debug_wb_pc = 0x1c059ef4
----[1293815 ns] Number 8'd43 Functional Test Point PASS!!!
        [1302000 ns] Test is running, debug_wb_pc = 0x1c028b0c
        [1312000 ns] Test is running, debug_wb_pc = 0x1c0299c0
----[1312845 ns] Number 8'd44 Functional Test Point PASS!!!
        [1322000 ns] Test is running, debug_wb_pc = 0x1c065348
        [1332000 ns] Test is running, debug_wb_pc = 0x1c06616c
----[1336905 ns] Number 8'd45 Functional Test Point PASS!!!
        [1342000 ns] Test is running, debug_wb_pc = 0x1c033358
        [1352000 ns] Test is running, debug_wb_pc = 0x1c034180
----[1358865 ns] Number 8'd46 Functional Test Point PASS!!!
==============================================================
Test end!
----PASS!!!
$finish called at time : 1359315 ns : File "C:/Projects/loongson/exp11/soc_verify/soc_bram/testbench/mycpu_tb.v" Line 270
