#-----------------------------------------------------------
# Vivado v2022.2 (64-bit)
# SW Build 3671981 on Fri Oct 14 05:00:03 MDT 2022
# IP Build 3669848 on Fri Oct 14 08:30:02 MDT 2022
# Start of session at: Wed Dec 10 10:56:13 2025
# Process ID: 14080
# Current directory: C:/Projects/loongson/exp7/soc_verify/soc_bram/run_vivado/project
# Command line: vivado.exe -gui_launcher_event rodinguilauncherevent7128 C:\Projects\loongson\exp7\soc_verify\soc_bram\run_vivado\project\loongson.xpr
# Log file: C:/Projects/loongson/exp7/soc_verify/soc_bram/run_vivado/project/vivado.log
# Journal file: C:/Projects/loongson/exp7/soc_verify/soc_bram/run_vivado/project\vivado.jou
# Running On: Matrix, OS: Windows, CPU Frequency: 3194 MHz, CPU Physical cores: 16, Host memory: 14702 MB
#-----------------------------------------------------------
start_gui
open_project C:/Projects/loongson/exp7/soc_verify/soc_bram/run_vivado/project/loongson.xpr
update_compile_order -fileset sources_1
update_compile_order -fileset sources_1
update_compile_order -fileset sources_1
file mkdir C:/Projects/loongson/exp7/soc_verify/soc_bram/run_vivado/project/loongson.srcs/sources_1/new
close [ open C:/Projects/loongson/exp7/soc_verify/soc_bram/run_vivado/project/loongson.srcs/sources_1/new/ID.v w ]
add_files C:/Projects/loongson/exp7/soc_verify/soc_bram/run_vivado/project/loongson.srcs/sources_1/new/ID.v
update_compile_order -fileset sources_1
export_ip_user_files -of_objects  [get_files C:/Projects/loongson/exp7/soc_verify/soc_bram/run_vivado/project/loongson.srcs/sources_1/new/ID.v] -no_script -reset -force -quiet
remove_files  C:/Projects/loongson/exp7/soc_verify/soc_bram/run_vivado/project/loongson.srcs/sources_1/new/ID.v
file delete -force C:/Projects/loongson/exp7/soc_verify/soc_bram/run_vivado/project/loongson.srcs/sources_1/new/ID.v
update_compile_order -fileset sources_1
add_files -scan_for_includes ../../../myCPU/
ls
dir
add_files -scan_for_includes ../../../../myCPU/
update_compile_order -fileset sources_1
update_compile_order -fileset sources_1
update_compile_order -fileset sources_1
update_compile_order -fileset sources_1
update_compile_order -fileset sources_1
