Copyright 1986-2022 Xilinx, Inc. All Rights Reserved.
------------------------------------------------------------------------------------
| Tool Version : Vivado v.2022.2 (win64) Build 3671981 Fri Oct 14 05:00:03 MDT 2022
| Date         : Wed Apr 22 23:47:14 2026
| Host         : Matrix running 64-bit major release  (build 9200)
| Command      : upgrade_ip
| Device       : xc7a200tfbg676-1
------------------------------------------------------------------------------------

Upgrade Log for IP 'clk_pll'

1. Summary
----------

SUCCESS in the upgrade of clk_pll (xilinx.com:ip:clk_wiz:6.0) from (Rev. 4) to (Rev. 11)






Copyright 1986-2022 Xilinx, Inc. All Rights Reserved.
------------------------------------------------------------------------------------
| Tool Version : Vivado v.2022.2 (win64) Build 3671981 Fri Oct 14 05:00:03 MDT 2022
| Date         : Wed Apr 22 23:46:18 2026
| Host         : Matrix running 64-bit major release  (build 9200)
| Command      : upgrade_ip
| Device       : xc7a200tfbg676-1
------------------------------------------------------------------------------------

Upgrade Log for IP 'data_ram'

1. Summary
----------

SUCCESS in the upgrade of data_ram (xilinx.com:ip:blk_mem_gen:8.4) from (Rev. 4) to (Rev. 5)






Copyright 1986-2022 Xilinx, Inc. All Rights Reserved.
------------------------------------------------------------------------------------
| Tool Version : Vivado v.2022.2 (win64) Build 3671981 Fri Oct 14 05:00:03 MDT 2022
| Date         : Wed Apr 22 23:45:53 2026
| Host         : Matrix running 64-bit major release  (build 9200)
| Command      : upgrade_ip
| Device       : xc7a200tfbg676-1
------------------------------------------------------------------------------------

Upgrade Log for IP 'inst_ram'

1. Summary
----------

SUCCESS in the upgrade of inst_ram (xilinx.com:ip:blk_mem_gen:8.4) from (Rev. 4) to (Rev. 5)

