INFO: [VRFC 10-2263] Analyzing Verilog file "C:/Projects/loongson/exp9/soc_verify/soc_bram/rtl/xilinx_ip/clk_pll/clk_pll_clk_wiz.v" into library xil_defaultlib
INFO: [VRFC 10-311] analyzing module clk_pll_clk_wiz
INFO: [VRFC 10-2263] Analyzing Verilog file "C:/Projects/loongson/exp9/soc_verify/soc_bram/rtl/xilinx_ip/clk_pll/clk_pll.v" into library xil_defaultlib
INFO: [VRFC 10-311] analyzing module clk_pll
INFO: [VRFC 10-2263] Analyzing Verilog file "C:/Projects/loongson/exp9/soc_verify/soc_bram/rtl/xilinx_ip/data_ram/sim/data_ram.v" into library xil_defaultlib
INFO: [VRFC 10-311] analyzing module data_ram
INFO: [VRFC 10-2263] Analyzing Verilog file "C:/Projects/loongson/exp9/soc_verify/soc_bram/rtl/xilinx_ip/inst_ram/sim/inst_ram.v" into library xil_defaultlib
INFO: [VRFC 10-311] analyzing module inst_ram
INFO: [VRFC 10-2263] Analyzing Verilog file "C:/Projects/loongson/exp9/myCPU/alu.v" into library xil_defaultlib
INFO: [VRFC 10-311] analyzing module alu
INFO: [VRFC 10-2263] Analyzing Verilog file "C:/Projects/loongson/exp9/soc_verify/soc_bram/rtl/BRIDGE/bridge_1x2.v" into library xil_defaultlib
INFO: [VRFC 10-311] analyzing module bridge_1x2
INFO: [VRFC 10-2263] Analyzing Verilog file "C:/Projects/loongson/exp9/soc_verify/soc_bram/rtl/CONFREG/confreg.v" into library xil_defaultlib
INFO: [VRFC 10-311] analyzing module confreg
INFO: [VRFC 10-2263] Analyzing Verilog file "C:/Projects/loongson/exp9/myCPU/decoder_2_4.v" into library xil_defaultlib
INFO: [VRFC 10-311] analyzing module decoder_2_4
INFO: [VRFC 10-2263] Analyzing Verilog file "C:/Projects/loongson/exp9/myCPU/decoder_4_16.v" into library xil_defaultlib
INFO: [VRFC 10-311] analyzing module decoder_4_16
INFO: [VRFC 10-2263] Analyzing Verilog file "C:/Projects/loongson/exp9/myCPU/decoder_5_32.v" into library xil_defaultlib
INFO: [VRFC 10-311] analyzing module decoder_5_32
INFO: [VRFC 10-2263] Analyzing Verilog file "C:/Projects/loongson/exp9/myCPU/decoder_6_64.v" into library xil_defaultlib
INFO: [VRFC 10-311] analyzing module decoder_6_64
INFO: [VRFC 10-2263] Analyzing Verilog file "C:/Projects/loongson/exp9/myCPU/instr_decoder.v" into library xil_defaultlib
INFO: [VRFC 10-311] analyzing module instr_decoder
INFO: [VRFC 10-2263] Analyzing Verilog file "C:/Projects/loongson/exp9/myCPU/mycpu_top.v" into library xil_defaultlib
INFO: [VRFC 10-311] analyzing module mycpu_top
INFO: [VRFC 10-2263] Analyzing Verilog file "C:/Projects/loongson/exp9/myCPU/pipeline_buffer.v" into library xil_defaultlib
INFO: [VRFC 10-311] analyzing module pipeline_buffer
INFO: [VRFC 10-2263] Analyzing Verilog file "C:/Projects/loongson/exp9/myCPU/regfile.v" into library xil_defaultlib
INFO: [VRFC 10-311] analyzing module regfile
INFO: [VRFC 10-2263] Analyzing Verilog file "C:/Projects/loongson/exp9/soc_verify/soc_bram/rtl/soc_lite_top.v" into library xil_defaultlib
INFO: [VRFC 10-311] analyzing module soc_lite_top
INFO: [VRFC 10-2263] Analyzing Verilog file "C:/Projects/loongson/exp9/soc_verify/soc_bram/testbench/mycpu_tb.v" into library xil_defaultlib
INFO: [VRFC 10-311] analyzing module tb_top
WARNING: [VRFC 10-2096] empty statement in sequential block [C:/Projects/loongson/exp9/soc_verify/soc_bram/testbench/mycpu_tb.v:237]
