
*** Running vivado
    with args -log soc_lite_top.vds -m64 -product Vivado -mode batch -messageDb vivado.pb -notrace -source soc_lite_top.tcl



****** Vivado v2022.2 (64-bit)
  **** SW Build 3671981 on Fri Oct 14 05:00:03 MDT 2022
  **** IP Build 3669848 on Fri Oct 14 08:30:02 MDT 2022
    ** Copyright 1986-2022 Xilinx, Inc. All Rights Reserved.

source soc_lite_top.tcl -notrace
create_project: Time (s): cpu = 00:00:07 ; elapsed = 00:00:08 . Memory (MB): peak = 395.047 ; gain = 74.273
Command: synth_design -top soc_lite_top -part xc7a200tfbg676-1
Starting synth_design
Attempting to get a license for feature 'Synthesis' and/or device 'xc7a200t'
INFO: [Common 17-349] Got license for feature 'Synthesis' and/or device 'xc7a200t'
INFO: [Device 21-403] Loading part xc7a200tfbg676-1
INFO: [Synth 8-7079] Multithreading enabled for synth_design using a maximum of 2 processes.
INFO: [Synth 8-7078] Launching helper process for spawning children vivado processes
INFO: [Synth 8-7075] Helper process launched with PID 12520
INFO: [Synth 8-11241] undeclared symbol 'REGCCE', assumed default net type 'wire' [C:/Xilinx/Vivado/2022.2/data/verilog/src/unimacro/BRAM_SINGLE_MACRO.v:2170]
---------------------------------------------------------------------------------
Starting RTL Elaboration : Time (s): cpu = 00:00:07 ; elapsed = 00:00:08 . Memory (MB): peak = 1270.000 ; gain = 408.395
---------------------------------------------------------------------------------
INFO: [Synth 8-6157] synthesizing module 'soc_lite_top' [C:/Projects/loongson/exp6/soc_verify/soc_dram/rtl/soc_lite_top.v:67]
INFO: [Synth 8-6157] synthesizing module 'clk_pll' [C:/Projects/loongson/exp6/soc_verify/soc_dram/run_vivado/project/loongson.runs/synth_1/.Xil/Vivado-2280-Matrix/realtime/clk_pll_stub.v:5]
INFO: [Synth 8-6155] done synthesizing module 'clk_pll' (0#1) [C:/Projects/loongson/exp6/soc_verify/soc_dram/run_vivado/project/loongson.runs/synth_1/.Xil/Vivado-2280-Matrix/realtime/clk_pll_stub.v:5]
INFO: [Synth 8-6157] synthesizing module 'mycpu_top' [C:/Projects/loongson/exp6/myCPU/mycpu_top.v:1]
INFO: [Synth 8-6157] synthesizing module 'decoder_6_64' [C:/Projects/loongson/exp6/myCPU/decoder_6_64.v:1]
INFO: [Synth 8-6155] done synthesizing module 'decoder_6_64' (0#1) [C:/Projects/loongson/exp6/myCPU/decoder_6_64.v:1]
INFO: [Synth 8-6157] synthesizing module 'decoder_4_16' [C:/Projects/loongson/exp6/myCPU/decoder_4_16.v:1]
INFO: [Synth 8-6155] done synthesizing module 'decoder_4_16' (0#1) [C:/Projects/loongson/exp6/myCPU/decoder_4_16.v:1]
INFO: [Synth 8-6157] synthesizing module 'decoder_2_4' [C:/Projects/loongson/exp6/myCPU/decoder_2_4.v:1]
INFO: [Synth 8-6155] done synthesizing module 'decoder_2_4' (0#1) [C:/Projects/loongson/exp6/myCPU/decoder_2_4.v:1]
INFO: [Synth 8-6157] synthesizing module 'decoder_5_32' [C:/Projects/loongson/exp6/myCPU/decoder_5_32.v:1]
INFO: [Synth 8-6155] done synthesizing module 'decoder_5_32' (0#1) [C:/Projects/loongson/exp6/myCPU/decoder_5_32.v:1]
INFO: [Synth 8-6157] synthesizing module 'regfile' [C:/Projects/loongson/exp6/myCPU/regfile.v:1]
INFO: [Synth 8-6155] done synthesizing module 'regfile' (0#1) [C:/Projects/loongson/exp6/myCPU/regfile.v:1]
INFO: [Synth 8-6157] synthesizing module 'alu' [C:/Projects/loongson/exp6/myCPU/alu.v:1]
INFO: [Synth 8-6155] done synthesizing module 'alu' (0#1) [C:/Projects/loongson/exp6/myCPU/alu.v:1]
INFO: [Synth 8-6155] done synthesizing module 'mycpu_top' (0#1) [C:/Projects/loongson/exp6/myCPU/mycpu_top.v:1]
INFO: [Synth 8-6157] synthesizing module 'inst_ram' [C:/Projects/loongson/exp6/soc_verify/soc_dram/run_vivado/project/loongson.runs/synth_1/.Xil/Vivado-2280-Matrix/realtime/inst_ram_stub.v:5]
INFO: [Synth 8-6155] done synthesizing module 'inst_ram' (0#1) [C:/Projects/loongson/exp6/soc_verify/soc_dram/run_vivado/project/loongson.runs/synth_1/.Xil/Vivado-2280-Matrix/realtime/inst_ram_stub.v:5]
WARNING: [Synth 8-689] width (16) of port connection 'a' does not match port width (15) of module 'inst_ram' [C:/Projects/loongson/exp6/soc_verify/soc_dram/rtl/soc_lite_top.v:166]
INFO: [Synth 8-6157] synthesizing module 'bridge_1x2' [C:/Projects/loongson/exp6/soc_verify/soc_dram/rtl/BRIDGE/bridge_1x2.v:50]
INFO: [Synth 8-6155] done synthesizing module 'bridge_1x2' (0#1) [C:/Projects/loongson/exp6/soc_verify/soc_dram/rtl/BRIDGE/bridge_1x2.v:50]
INFO: [Synth 8-6157] synthesizing module 'data_ram' [C:/Projects/loongson/exp6/soc_verify/soc_dram/run_vivado/project/loongson.runs/synth_1/.Xil/Vivado-2280-Matrix/realtime/data_ram_stub.v:5]
INFO: [Synth 8-6155] done synthesizing module 'data_ram' (0#1) [C:/Projects/loongson/exp6/soc_verify/soc_dram/run_vivado/project/loongson.runs/synth_1/.Xil/Vivado-2280-Matrix/realtime/data_ram_stub.v:5]
WARNING: [Synth 8-689] width (16) of port connection 'a' does not match port width (10) of module 'data_ram' [C:/Projects/loongson/exp6/soc_verify/soc_dram/rtl/soc_lite_top.v:198]
INFO: [Synth 8-6157] synthesizing module 'confreg' [C:/Projects/loongson/exp6/soc_verify/soc_dram/rtl/CONFREG/confreg.v:79]
	Parameter SIMULATION bound to: 1'b0 
INFO: [Synth 8-6155] done synthesizing module 'confreg' (0#1) [C:/Projects/loongson/exp6/soc_verify/soc_dram/rtl/CONFREG/confreg.v:79]
INFO: [Synth 8-6155] done synthesizing module 'soc_lite_top' (0#1) [C:/Projects/loongson/exp6/soc_verify/soc_dram/rtl/soc_lite_top.v:67]
WARNING: [Synth 8-6014] Unused sequential element confreg_uart_data_reg was removed.  [C:/Projects/loongson/exp6/soc_verify/soc_dram/rtl/CONFREG/confreg.v:352]
WARNING: [Synth 8-6014] Unused sequential element confreg_uart_valid_reg was removed.  [C:/Projects/loongson/exp6/soc_verify/soc_dram/rtl/CONFREG/confreg.v:353]
WARNING: [Synth 8-7129] Port conf_addr[31] in module confreg is either unconnected or has no load
WARNING: [Synth 8-7129] Port conf_addr[30] in module confreg is either unconnected or has no load
WARNING: [Synth 8-7129] Port conf_addr[29] in module confreg is either unconnected or has no load
WARNING: [Synth 8-7129] Port conf_addr[28] in module confreg is either unconnected or has no load
WARNING: [Synth 8-7129] Port conf_addr[27] in module confreg is either unconnected or has no load
WARNING: [Synth 8-7129] Port conf_addr[26] in module confreg is either unconnected or has no load
WARNING: [Synth 8-7129] Port conf_addr[25] in module confreg is either unconnected or has no load
WARNING: [Synth 8-7129] Port conf_addr[24] in module confreg is either unconnected or has no load
WARNING: [Synth 8-7129] Port conf_addr[23] in module confreg is either unconnected or has no load
WARNING: [Synth 8-7129] Port conf_addr[22] in module confreg is either unconnected or has no load
WARNING: [Synth 8-7129] Port conf_addr[21] in module confreg is either unconnected or has no load
WARNING: [Synth 8-7129] Port conf_addr[20] in module confreg is either unconnected or has no load
WARNING: [Synth 8-7129] Port conf_addr[19] in module confreg is either unconnected or has no load
WARNING: [Synth 8-7129] Port conf_addr[18] in module confreg is either unconnected or has no load
WARNING: [Synth 8-7129] Port conf_addr[17] in module confreg is either unconnected or has no load
WARNING: [Synth 8-7129] Port conf_addr[16] in module confreg is either unconnected or has no load
WARNING: [Synth 8-7129] Port clk in module bridge_1x2 is either unconnected or has no load
WARNING: [Synth 8-7129] Port resetn in module bridge_1x2 is either unconnected or has no load
---------------------------------------------------------------------------------
Finished RTL Elaboration : Time (s): cpu = 00:00:09 ; elapsed = 00:00:11 . Memory (MB): peak = 1370.059 ; gain = 508.453
---------------------------------------------------------------------------------
---------------------------------------------------------------------------------
Start Handling Custom Attributes
---------------------------------------------------------------------------------
---------------------------------------------------------------------------------
Finished Handling Custom Attributes : Time (s): cpu = 00:00:09 ; elapsed = 00:00:11 . Memory (MB): peak = 1370.059 ; gain = 508.453
---------------------------------------------------------------------------------
---------------------------------------------------------------------------------
Finished RTL Optimization Phase 1 : Time (s): cpu = 00:00:09 ; elapsed = 00:00:11 . Memory (MB): peak = 1370.059 ; gain = 508.453
---------------------------------------------------------------------------------
Netlist sorting complete. Time (s): cpu = 00:00:00 ; elapsed = 00:00:00.043 . Memory (MB): peak = 1370.059 ; gain = 0.000
INFO: [Project 1-570] Preparing netlist for logic optimization

Processing XDC Constraints
Initializing timing engine
Parsing XDC File [c:/Projects/loongson/exp6/soc_verify/soc_dram/rtl/xilinx_ip/data_ram/data_ram/data_ram_in_context.xdc] for cell 'data_ram'
Finished Parsing XDC File [c:/Projects/loongson/exp6/soc_verify/soc_dram/rtl/xilinx_ip/data_ram/data_ram/data_ram_in_context.xdc] for cell 'data_ram'
Parsing XDC File [c:/Projects/loongson/exp6/soc_verify/soc_dram/rtl/xilinx_ip/clk_pll/clk_pll/clk_pll_in_context.xdc] for cell 'pll.clk_pll'
Finished Parsing XDC File [c:/Projects/loongson/exp6/soc_verify/soc_dram/rtl/xilinx_ip/clk_pll/clk_pll/clk_pll_in_context.xdc] for cell 'pll.clk_pll'
Parsing XDC File [c:/Projects/loongson/exp6/soc_verify/soc_dram/rtl/xilinx_ip/inst_ram/inst_ram/inst_ram_in_context.xdc] for cell 'inst_ram'
Finished Parsing XDC File [c:/Projects/loongson/exp6/soc_verify/soc_dram/rtl/xilinx_ip/inst_ram/inst_ram/inst_ram_in_context.xdc] for cell 'inst_ram'
Parsing XDC File [C:/Projects/loongson/exp6/soc_verify/soc_dram/run_vivado/constraints/soc_lite_top.xdc]
WARNING: [Constraints 18-619] A clock with name 'clk' already exists, overwriting the previous clock with the same name. [C:/Projects/loongson/exp6/soc_verify/soc_dram/run_vivado/constraints/soc_lite_top.xdc:5]
WARNING: [Vivado 12-508] No pins matched 'pll.clk_pll/inst/plle2_adv_inst/CLKOUT1'. [C:/Projects/loongson/exp6/soc_verify/soc_dram/run_vivado/constraints/soc_lite_top.xdc:126]
WARNING: [Vivado 12-508] No pins matched 'pll.clk_pll/inst/plle2_adv_inst/CLKOUT0'. [C:/Projects/loongson/exp6/soc_verify/soc_dram/run_vivado/constraints/soc_lite_top.xdc:127]
Finished Parsing XDC File [C:/Projects/loongson/exp6/soc_verify/soc_dram/run_vivado/constraints/soc_lite_top.xdc]
WARNING: [Project 1-498] One or more constraints failed evaluation while reading constraint file [C:/Projects/loongson/exp6/soc_verify/soc_dram/run_vivado/constraints/soc_lite_top.xdc] and the design contains unresolved black boxes. These constraints will be read post-synthesis (as long as their source constraint file is marked as used_in_implementation) and should be applied correctly then. You should review the constraints listed in the file [.Xil/soc_lite_top_propImpl.xdc] and check the run log file to verify that these constraints were correctly applied.
INFO: [Project 1-236] Implementation specific constraints were found while reading constraint file [C:/Projects/loongson/exp6/soc_verify/soc_dram/run_vivado/constraints/soc_lite_top.xdc]. These constraints will be ignored for synthesis but will be used in implementation. Impacted constraints are listed in the file [.Xil/soc_lite_top_propImpl.xdc].
Resolution: To avoid this warning, move constraints listed in [.Xil/soc_lite_top_propImpl.xdc] to another XDC file and exclude this new file from synthesis with the used_in_synthesis property (File Properties dialog in GUI) and re-run elaboration/synthesis.
Parsing XDC File [C:/Projects/loongson/exp6/soc_verify/soc_dram/run_vivado/project/loongson.runs/synth_1/dont_touch.xdc]
Finished Parsing XDC File [C:/Projects/loongson/exp6/soc_verify/soc_dram/run_vivado/project/loongson.runs/synth_1/dont_touch.xdc]
Completed Processing XDC Constraints

Netlist sorting complete. Time (s): cpu = 00:00:00 ; elapsed = 00:00:00 . Memory (MB): peak = 1466.641 ; gain = 0.000
INFO: [Project 1-111] Unisim Transformation Summary:
No Unisim elements were transformed.

Constraint Validation Runtime : Time (s): cpu = 00:00:00 ; elapsed = 00:00:00.012 . Memory (MB): peak = 1466.641 ; gain = 0.000
INFO: [Synth 8-11241] undeclared symbol 'REGCCE', assumed default net type 'wire' [C:/Xilinx/Vivado/2022.2/data/verilog/src/unimacro/BRAM_SINGLE_MACRO.v:2170]
---------------------------------------------------------------------------------
Finished Constraint Validation : Time (s): cpu = 00:00:21 ; elapsed = 00:00:24 . Memory (MB): peak = 1466.641 ; gain = 605.035
---------------------------------------------------------------------------------
---------------------------------------------------------------------------------
Start Loading Part and Timing Information
---------------------------------------------------------------------------------
Loading part: xc7a200tfbg676-1
---------------------------------------------------------------------------------
Finished Loading Part and Timing Information : Time (s): cpu = 00:00:21 ; elapsed = 00:00:24 . Memory (MB): peak = 1466.641 ; gain = 605.035
---------------------------------------------------------------------------------
---------------------------------------------------------------------------------
Start Applying 'set_property' XDC Constraints
---------------------------------------------------------------------------------
Applied set_property IO_BUFFER_TYPE = NONE for clk. (constraint file  c:/Projects/loongson/exp6/soc_verify/soc_dram/rtl/xilinx_ip/clk_pll/clk_pll/clk_pll_in_context.xdc, line 4).
Applied set_property CLOCK_BUFFER_TYPE = NONE for clk. (constraint file  c:/Projects/loongson/exp6/soc_verify/soc_dram/rtl/xilinx_ip/clk_pll/clk_pll/clk_pll_in_context.xdc, line 5).
Applied set_property KEEP_HIERARCHY = SOFT for data_ram. (constraint file  auto generated constraint).
Applied set_property KEEP_HIERARCHY = SOFT for \pll.clk_pll . (constraint file  auto generated constraint).
Applied set_property KEEP_HIERARCHY = SOFT for inst_ram. (constraint file  auto generated constraint).
---------------------------------------------------------------------------------
Finished applying 'set_property' XDC Constraints : Time (s): cpu = 00:00:21 ; elapsed = 00:00:24 . Memory (MB): peak = 1466.641 ; gain = 605.035
---------------------------------------------------------------------------------
INFO: [Synth 8-802] inferred FSM for state register 'state_reg' in module 'confreg'
---------------------------------------------------------------------------------------------------
                   State |                     New Encoding |                Previous Encoding 
---------------------------------------------------------------------------------------------------
                 iSTATE4 |                           000001 |                              000
                  iSTATE |                           100000 |                              001
                 iSTATE0 |                           010000 |                              010
                 iSTATE1 |                           001000 |                              011
                 iSTATE2 |                           000100 |                              100
                 iSTATE3 |                           000010 |                              111
---------------------------------------------------------------------------------------------------
INFO: [Synth 8-3354] encoded FSM with state register 'state_reg' using encoding 'one-hot' in module 'confreg'
---------------------------------------------------------------------------------
Finished RTL Optimization Phase 2 : Time (s): cpu = 00:00:22 ; elapsed = 00:00:25 . Memory (MB): peak = 1466.641 ; gain = 605.035
---------------------------------------------------------------------------------
---------------------------------------------------------------------------------
Start RTL Component Statistics 
---------------------------------------------------------------------------------
Detailed RTL Component Info : 
+---Adders : 
	   3 Input   33 Bit       Adders := 1     
	   2 Input   32 Bit       Adders := 2     
	   2 Input    4 Bit       Adders := 1     
+---XORs : 
	   2 Input     32 Bit         XORs := 1     
	   2 Input      1 Bit         XORs := 1     
+---Registers : 
	               32 Bit    Registers := 20    
	               16 Bit    Registers := 1     
	                8 Bit    Registers := 2     
	                7 Bit    Registers := 1     
	                4 Bit    Registers := 2     
	                1 Bit    Registers := 16    
+---Muxes : 
	   2 Input   32 Bit        Muxes := 11    
	   2 Input   16 Bit        Muxes := 14    
	   5 Input   16 Bit        Muxes := 1     
	  17 Input   16 Bit        Muxes := 1     
	   8 Input    8 Bit        Muxes := 1     
	   6 Input    6 Bit        Muxes := 1     
	   2 Input    6 Bit        Muxes := 6     
	   2 Input    5 Bit        Muxes := 2     
	   6 Input    4 Bit        Muxes := 1     
	   2 Input    3 Bit        Muxes := 10    
	   6 Input    3 Bit        Muxes := 2     
	   2 Input    1 Bit        Muxes := 5     
---------------------------------------------------------------------------------
Finished RTL Component Statistics 
---------------------------------------------------------------------------------
---------------------------------------------------------------------------------
Start Part Resource Summary
---------------------------------------------------------------------------------
Part Resources:
DSPs: 740 (col length:100)
BRAMs: 730 (col length: RAMB18 100 RAMB36 50)
---------------------------------------------------------------------------------
Finished Part Resource Summary
---------------------------------------------------------------------------------
---------------------------------------------------------------------------------
Start Cross Boundary and Area Optimization
---------------------------------------------------------------------------------
WARNING: [Synth 8-7080] Parallel synthesis criteria is not met
---------------------------------------------------------------------------------
Finished Cross Boundary and Area Optimization : Time (s): cpu = 00:01:01 ; elapsed = 00:01:06 . Memory (MB): peak = 1466.641 ; gain = 605.035
---------------------------------------------------------------------------------
---------------------------------------------------------------------------------
Start ROM, RAM, DSP, Shift Register and Retiming Reporting
---------------------------------------------------------------------------------

Distributed RAM: Preliminary Mapping Report (see note below)
+-------------+----------------------+-----------+----------------------+--------------+
|Module Name  | RTL Object           | Inference | Size (Depth x Width) | Primitives   | 
+-------------+----------------------+-----------+----------------------+--------------+
|soc_lite_top | cpu/u_regfile/rf_reg | Implied   | 32 x 32              | RAM32M x 12  | 
+-------------+----------------------+-----------+----------------------+--------------+

Note: The table above is a preliminary report that shows the Distributed RAMs at the current stage of the synthesis flow. Some Distributed RAMs may be reimplemented as non Distributed RAM primitives later in the synthesis flow. Multiple instantiated RAMs are reported only once.
---------------------------------------------------------------------------------
Finished ROM, RAM, DSP, Shift Register and Retiming Reporting
---------------------------------------------------------------------------------
---------------------------------------------------------------------------------
Start Applying XDC Timing Constraints
---------------------------------------------------------------------------------
WARNING: [Synth 8-565] redefining clock 'clk'
---------------------------------------------------------------------------------
Finished Applying XDC Timing Constraints : Time (s): cpu = 00:01:09 ; elapsed = 00:01:13 . Memory (MB): peak = 1466.641 ; gain = 605.035
---------------------------------------------------------------------------------
---------------------------------------------------------------------------------
Start Timing Optimization
---------------------------------------------------------------------------------
---------------------------------------------------------------------------------
Finished Timing Optimization : Time (s): cpu = 00:01:20 ; elapsed = 00:01:25 . Memory (MB): peak = 1559.480 ; gain = 697.875
---------------------------------------------------------------------------------
---------------------------------------------------------------------------------
Start ROM, RAM, DSP, Shift Register and Retiming Reporting
---------------------------------------------------------------------------------

Distributed RAM: Final Mapping Report
+-------------+----------------------+-----------+----------------------+--------------+
|Module Name  | RTL Object           | Inference | Size (Depth x Width) | Primitives   | 
+-------------+----------------------+-----------+----------------------+--------------+
|soc_lite_top | cpu/u_regfile/rf_reg | Implied   | 32 x 32              | RAM32M x 12  | 
+-------------+----------------------+-----------+----------------------+--------------+

---------------------------------------------------------------------------------
Finished ROM, RAM, DSP, Shift Register and Retiming Reporting
---------------------------------------------------------------------------------
---------------------------------------------------------------------------------
Start Technology Mapping
---------------------------------------------------------------------------------
---------------------------------------------------------------------------------
Finished Technology Mapping : Time (s): cpu = 00:01:21 ; elapsed = 00:01:26 . Memory (MB): peak = 1568.531 ; gain = 706.926
---------------------------------------------------------------------------------
---------------------------------------------------------------------------------
Start IO Insertion
---------------------------------------------------------------------------------
---------------------------------------------------------------------------------
Start Flattening Before IO Insertion
---------------------------------------------------------------------------------
---------------------------------------------------------------------------------
Finished Flattening Before IO Insertion
---------------------------------------------------------------------------------
---------------------------------------------------------------------------------
Start Final Netlist Cleanup
---------------------------------------------------------------------------------
---------------------------------------------------------------------------------
Finished Final Netlist Cleanup
---------------------------------------------------------------------------------
---------------------------------------------------------------------------------
Finished IO Insertion : Time (s): cpu = 00:01:27 ; elapsed = 00:01:32 . Memory (MB): peak = 1568.531 ; gain = 706.926
---------------------------------------------------------------------------------
---------------------------------------------------------------------------------
Start Renaming Generated Instances
---------------------------------------------------------------------------------
---------------------------------------------------------------------------------
Finished Renaming Generated Instances : Time (s): cpu = 00:01:27 ; elapsed = 00:01:32 . Memory (MB): peak = 1568.531 ; gain = 706.926
---------------------------------------------------------------------------------
---------------------------------------------------------------------------------
Start Rebuilding User Hierarchy
---------------------------------------------------------------------------------
---------------------------------------------------------------------------------
Finished Rebuilding User Hierarchy : Time (s): cpu = 00:01:28 ; elapsed = 00:01:33 . Memory (MB): peak = 1568.531 ; gain = 706.926
---------------------------------------------------------------------------------
---------------------------------------------------------------------------------
Start Renaming Generated Ports
---------------------------------------------------------------------------------
---------------------------------------------------------------------------------
Finished Renaming Generated Ports : Time (s): cpu = 00:01:28 ; elapsed = 00:01:33 . Memory (MB): peak = 1568.531 ; gain = 706.926
---------------------------------------------------------------------------------
---------------------------------------------------------------------------------
Start Handling Custom Attributes
---------------------------------------------------------------------------------
---------------------------------------------------------------------------------
Finished Handling Custom Attributes : Time (s): cpu = 00:01:28 ; elapsed = 00:01:33 . Memory (MB): peak = 1568.531 ; gain = 706.926
---------------------------------------------------------------------------------
---------------------------------------------------------------------------------
Start Renaming Generated Nets
---------------------------------------------------------------------------------
---------------------------------------------------------------------------------
Finished Renaming Generated Nets : Time (s): cpu = 00:01:28 ; elapsed = 00:01:33 . Memory (MB): peak = 1568.531 ; gain = 706.926
---------------------------------------------------------------------------------
---------------------------------------------------------------------------------
Start Writing Synthesis Report
---------------------------------------------------------------------------------

Report BlackBoxes: 
+------+--------------+----------+
|      |BlackBox name |Instances |
+------+--------------+----------+
|1     |clk_pll       |         1|
|2     |inst_ram      |         1|
|3     |data_ram      |         1|
+------+--------------+----------+

Report Cell Usage: 
+------+---------+------+
|      |Cell     |Count |
+------+---------+------+
|1     |clk_pll  |     1|
|2     |data_ram |     1|
|3     |inst_ram |     1|
|4     |CARRY4   |    56|
|5     |LUT1     |     7|
|6     |LUT2     |    58|
|7     |LUT3     |    78|
|8     |LUT4     |   172|
|9     |LUT5     |   243|
|10    |LUT6     |   515|
|11    |MUXF7    |     4|
|12    |RAM32M   |    10|
|13    |RAM32X1D |     4|
|14    |FDRE     |   750|
|15    |FDSE     |    39|
|16    |IBUF     |    15|
|17    |OBUF     |    71|
+------+---------+------+
---------------------------------------------------------------------------------
Finished Writing Synthesis Report : Time (s): cpu = 00:01:28 ; elapsed = 00:01:33 . Memory (MB): peak = 1568.531 ; gain = 706.926
---------------------------------------------------------------------------------
Synthesis finished with 0 errors, 0 critical warnings and 2 warnings.
Synthesis Optimization Runtime : Time (s): cpu = 00:01:15 ; elapsed = 00:01:29 . Memory (MB): peak = 1568.531 ; gain = 610.344
Synthesis Optimization Complete : Time (s): cpu = 00:01:28 ; elapsed = 00:01:33 . Memory (MB): peak = 1568.531 ; gain = 706.926
INFO: [Project 1-571] Translating synthesized netlist
Netlist sorting complete. Time (s): cpu = 00:00:00 ; elapsed = 00:00:00.025 . Memory (MB): peak = 1580.406 ; gain = 0.000
INFO: [Netlist 29-17] Analyzing 74 Unisim elements for replacement
INFO: [Netlist 29-28] Unisim Transformation completed in 0 CPU seconds
INFO: [Project 1-570] Preparing netlist for logic optimization
INFO: [Opt 31-138] Pushed 0 inverter(s) to 0 load pin(s).
Netlist sorting complete. Time (s): cpu = 00:00:00 ; elapsed = 00:00:00.001 . Memory (MB): peak = 1586.703 ; gain = 0.000
INFO: [Project 1-111] Unisim Transformation Summary:
  A total of 14 instances were transformed.
  RAM32M => RAM32M (RAMD32(x6), RAMS32(x2)): 10 instances
  RAM32X1D => RAM32X1D (RAMD32(x2)): 4 instances

Synth Design complete, checksum: a6772bc2
INFO: [Common 17-83] Releasing license: Synthesis
45 Infos, 28 Warnings, 0 Critical Warnings and 0 Errors encountered.
synth_design completed successfully
synth_design: Time (s): cpu = 00:01:35 ; elapsed = 00:01:42 . Memory (MB): peak = 1586.703 ; gain = 1158.703
INFO: [Common 17-1381] The checkpoint 'C:/Projects/loongson/exp6/soc_verify/soc_dram/run_vivado/project/loongson.runs/synth_1/soc_lite_top.dcp' has been generated.
INFO: [runtcl-4] Executing : report_utilization -file soc_lite_top_utilization_synth.rpt -pb soc_lite_top_utilization_synth.pb
INFO: [Common 17-206] Exiting Vivado at Sat Nov  8 10:21:48 2025...
