Copyright 1986-2022 Xilinx, Inc. All Rights Reserved.
-----------------------------------------------------------------------------------------
| Tool Version : Vivado v.2022.2 (win64) Build 3671981 Fri Oct 14 05:00:03 MDT 2022
| Date         : Sat Nov  8 10:27:36 2025
| Host         : Matrix running 64-bit major release  (build 9200)
| Command      : report_control_sets -verbose -file soc_lite_top_control_sets_placed.rpt
| Design       : soc_lite_top
| Device       : xc7a200t
-----------------------------------------------------------------------------------------

Control Set Information

Table of Contents
-----------------
1. Summary
2. Histogram
3. Flip-Flop Distribution
4. Detailed Control Set Information

1. Summary
----------

+----------------------------------------------------------+-------+
|                          Status                          | Count |
+----------------------------------------------------------+-------+
| Total control sets                                       |    32 |
|    Minimum number of control sets                        |    32 |
|    Addition due to synthesis replication                 |     0 |
|    Addition due to physical synthesis replication        |     0 |
| Unused register locations in slices containing registers |    63 |
+----------------------------------------------------------+-------+
* Control sets can be merged at opt_design using control_set_merge or merge_equivalent_drivers
** Run report_qor_suggestions for automated merging and remapping suggestions


2. Histogram
------------

+--------------------+-------+
|       Fanout       | Count |
+--------------------+-------+
| Total control sets |    32 |
| >= 0 to < 4        |     2 |
| >= 4 to < 6        |     1 |
| >= 6 to < 8        |     1 |
| >= 8 to < 10       |     1 |
| >= 10 to < 12      |     0 |
| >= 12 to < 14      |     0 |
| >= 14 to < 16      |     0 |
| >= 16              |    27 |
+--------------------+-------+
* Control sets can be remapped at either synth_design or opt_design


3. Flip-Flop Distribution
-------------------------

+--------------+-----------------------+------------------------+-----------------+--------------+
| Clock Enable | Synchronous Set/Reset | Asynchronous Set/Reset | Total Registers | Total Slices |
+--------------+-----------------------+------------------------+-----------------+--------------+
| No           | No                    | No                     |             154 |           36 |
| No           | No                    | Yes                    |               0 |            0 |
| No           | Yes                   | No                     |             171 |           54 |
| Yes          | No                    | No                     |              32 |            7 |
| Yes          | No                    | Yes                    |               0 |            0 |
| Yes          | Yes                   | No                     |             484 |          145 |
+--------------+-----------------------+------------------------+-----------------+--------------+


4. Detailed Control Set Information
-----------------------------------

+-----------------------------+--------------------------------------------------------------------------------------------+------------------------+------------------+----------------+--------------+
|         Clock Signal        |                                        Enable Signal                                       |    Set/Reset Signal    | Slice Load Count | Bel Load Count | Bels / Slice |
+-----------------------------+--------------------------------------------------------------------------------------------+------------------------+------------------+----------------+--------------+
|  pll.clk_pll/inst/cpu_clk   | u_confreg/step0_sample                                                                     | u_confreg/SR[0]        |                1 |              1 |         1.00 |
|  pll.clk_pll/inst/cpu_clk   | u_confreg/step1_sample                                                                     | u_confreg/SR[0]        |                1 |              1 |         1.00 |
|  pll.clk_pll/inst/cpu_clk   |                                                                                            | u_confreg/state_count0 |                1 |              4 |         4.00 |
|  pll.clk_pll/inst/cpu_clk   | u_confreg/p_0_in_1                                                                         | u_confreg/SR[0]        |                3 |              6 |         2.00 |
|  pll.clk_pll/inst/cpu_clk   | cpu/io_simu[31]_i_2_0[0]                                                                   | u_confreg/SR[0]        |                2 |              8 |         4.00 |
|  pll.clk_pll/inst/cpu_clk   |                                                                                            | u_confreg/step0_count0 |                5 |             20 |         4.00 |
|  pll.clk_pll/inst/cpu_clk   |                                                                                            | u_confreg/step1_count0 |                5 |             20 |         4.00 |
|  pll.clk_pll/inst/cpu_clk   |                                                                                            | u_confreg/key_count0   |                5 |             20 |         4.00 |
|  pll.clk_pll/inst/cpu_clk   | cpu/E[0]                                                                                   | u_confreg/SR[0]        |                9 |             32 |         3.56 |
|  pll.clk_pll/inst/cpu_clk   | cpu/cpu_resetn_reg[0]                                                                      |                        |                7 |             32 |         4.57 |
|  pll.clk_pll/inst/cpu_clk   | cpu/cr0[31]_i_6_0[0]                                                                       | u_confreg/SR[0]        |                7 |             32 |         4.57 |
|  pll.clk_pll/inst/cpu_clk   | cpu/io_simu[31]_i_2_1[0]                                                                   | u_confreg/SR[0]        |               13 |             32 |         2.46 |
|  pll.clk_pll/inst/cpu_clk   | cpu/cr0[31]_i_6_3[0]                                                                       | u_confreg/SR[0]        |                9 |             32 |         3.56 |
|  pll.clk_pll/inst/cpu_clk   | cpu/cr0[31]_i_6_1[0]                                                                       | u_confreg/SR[0]        |                9 |             32 |         3.56 |
|  pll.clk_pll/inst/cpu_clk   | cpu/cr0[31]_i_6_2[0]                                                                       | u_confreg/SR[0]        |               11 |             32 |         2.91 |
|  pll.clk_pll/inst/cpu_clk   | cpu/valid_reg_1[0]                                                                         | u_confreg/SR[0]        |                6 |             32 |         5.33 |
|  pll.clk_pll/inst/cpu_clk   | cpu/valid_reg_2[0]                                                                         | u_confreg/SR[0]        |               11 |             32 |         2.91 |
|  pll.clk_pll/inst/cpu_clk   | cpu/valid_reg_0[0]                                                                         | u_confreg/SR[0]        |                6 |             32 |         5.33 |
|  pll.clk_pll/inst/timer_clk |                                                                                            | u_confreg/SR[0]        |                8 |             32 |         4.00 |
|  pll.clk_pll/inst/cpu_clk   |                                                                                            | cpu/reset              |               16 |             33 |         2.06 |
|  pll.clk_pll/inst/cpu_clk   | cpu/led_data[31]_i_4_2[0]                                                                  | u_confreg/SR[0]        |               13 |             34 |         2.62 |
|  pll.clk_pll/inst/cpu_clk   | cpu/led_data[31]_i_4_1[0]                                                                  | u_confreg/SR[0]        |               11 |             34 |         3.09 |
|  pll.clk_pll/inst/cpu_clk   |                                                                                            | u_confreg/SR[0]        |               14 |             42 |         3.00 |
|  pll.clk_pll/inst/cpu_clk   | cpu/led_data[31]_i_4_3[0]                                                                  | u_confreg/SR[0]        |               17 |             48 |         2.82 |
|  pll.clk_pll/inst/cpu_clk   | cpu/led_data[31]_i_4_0[0]                                                                  | u_confreg/SR[0]        |               16 |             64 |         4.00 |
|  pll.clk_pll/inst/timer_clk |                                                                                            |                        |               10 |             67 |         6.70 |
|  pll.clk_pll/inst/cpu_clk   | cpu/u_regfile/rf_reg_r1_0_31_0_5_i_1_n_0                                                   |                        |               11 |             88 |         8.00 |
|  pll.clk_pll/inst/cpu_clk   | data_ram/U0/synth_options.dist_mem_inst/gen_sp_ram.spram_inst/ram_reg_0_255_0_0_i_1_n_0    |                        |               32 |            128 |         4.00 |
|  pll.clk_pll/inst/cpu_clk   | data_ram/U0/synth_options.dist_mem_inst/gen_sp_ram.spram_inst/ram_reg_256_511_0_0_i_1_n_0  |                        |               32 |            128 |         4.00 |
|  pll.clk_pll/inst/cpu_clk   | data_ram/U0/synth_options.dist_mem_inst/gen_sp_ram.spram_inst/ram_reg_512_767_0_0_i_1_n_0  |                        |               32 |            128 |         4.00 |
|  pll.clk_pll/inst/cpu_clk   | data_ram/U0/synth_options.dist_mem_inst/gen_sp_ram.spram_inst/ram_reg_768_1023_0_0_i_1_n_0 |                        |               32 |            128 |         4.00 |
|  pll.clk_pll/inst/cpu_clk   |                                                                                            |                        |             4122 |          16471 |         4.00 |
+-----------------------------+--------------------------------------------------------------------------------------------+------------------------+------------------+----------------+--------------+


